[..] Initialized session ([..] s)
[..] Initialized game state with Template(LightingBench, TemplateParameters { seed: Some(0) }) ([..] s)
Error: [..]
