...
Error: An error occurred while generating object 'space'

Caused by:
    the Fail template always fails to generate
